C:\Users\KON0136\Desktop\TextFiles.Starter.W000643.cmd
C:\Users\KON0136\Desktop\TextFiles.Starter.W000643.lst
C:\Users\KON0136\var\csitea\isg-pub\isg-pub.0.9.2.dev.ysg\docs\cheat-sheets\linux\linux-cheat-sheet.sh
C:\Users\KON0136\var\csitea\isg-pub\isg-pub.0.9.2.dev.ysg\docs\cheat-sheets\git\git-cheat-sheet.sh
C:\Users\KON0136\var\csitea\isg-pub\isg-pub.0.9.2.dev.ysg\docs\cheat-sheets\sql\ora\oracle-cheat-sheet.sql
C:\Users\KON0136\Desktop\Starter.W000643.cmd
C:\Users\KON0136\var\csitea\isg-pub\isg-pub.0.9.2.dev.ysg\docs\cheat-sheets\sql\mysql\mysql-cheat-sheet.sh
C:\Users\KON0136\var\csitea\isg-pub\isg-pub.0.9.2.dev.ysg\docs\cheat-sheets\sql\mysql\mysql-cheat-sheet.sql
C:\Users\KON0136\var\csitea\isg-pub\isg-pub.0.9.2.dev.ysg\docs\cheat-sheets\perl\perl-cheat-sheet.pl
C:\Users\KON0136\var\csitea\isg-pub\isg-pub.0.9.2.dev.ysg\docs\cheat-sheets\perl\perl-one-liners.sh
C:\Users\KON0136\var\csitea\isg-pub\isg-pub.0.9.2.dev.ysg\docs\cheat-sheets\cmd\cmd-cheat-sheet.cmd
C:\Users\KON0136\var\csitea\isg-pub\isg-pub.0.9.2.dev.ysg\docs\cheat-sheets\vagrant\vagrant-cheat-sheet.sh
C:\Users\KON0136\var\csitea\isg-pub\isg-pub.0.9.2.dev.ysg\docs\cheat-sheets\ps\power-shell-cheat-sheet.ps1
C:\Users\KON0136\var\csitea\isg-pub\isg-pub.0.9.2.dev.ysg\docs\cheat-sheets\html\html-cheat-sheet.html
C:\Users\KON0136\Desktop\core-cheat-sheet.sh
C:\Users\KON0136\var\csitea\isg-pub\isg-pub.0.9.2.dev.ysg\docs\cheat-sheets\conflu\confluence-cheat-sheet.html
C:\Users\KON0136\var\csitea\isg-pub\isg-pub.0.9.2.dev.ysg\docs\cheat-sheets\imatica\imatica-cheat-sheet.sh
C:\Users\KON0136\var\csitea\isg-pub\isg-pub.0.9.2.dev.ysg\docs\cheat-sheets\sql\mssql\mssql-cheat-sheet.sql
